#0 building with "default" instance using docker driver

#1 [internal] load build definition from Dockerfile.qa
#1 transferring dockerfile: 764B done
#1 DONE 0.0s

#2 [internal] load metadata for docker.io/library/python:3.12.13-slim
#2 DONE 0.1s

#3 [1/4] FROM docker.io/library/python:3.12.13-slim@sha256:229a2c5bfa27522db7815ea81f9bed70af17ccb9de9fc7ad142b1877b5830d36
#3 ...

#4 [internal] load build context
#4 transferring context: 6.93kB done
#4 DONE 0.0s

#3 [1/4] FROM docker.io/library/python:3.12.13-slim@sha256:229a2c5bfa27522db7815ea81f9bed70af17ccb9de9fc7ad142b1877b5830d36
#3 resolve docker.io/library/python:3.12.13-slim@sha256:229a2c5bfa27522db7815ea81f9bed70af17ccb9de9fc7ad142b1877b5830d36 0.0s done
#3 sha256:54a0b2beae90fe14c2131f1e880e1388c9df77390bc260d7317e589765e064e8 5.64kB / 5.64kB done
#3 sha256:26c307b5e35a59ce911f5fde5b9458120ec8734e831ea2da5649a9ad14abfd3d 5.24MB / 29.78MB 0.1s
#3 sha256:5a31db4cd47898e862a567028aa41f7a11d814cf69be6904173402a8b8eac5cb 1.29MB / 1.29MB 0.1s
#3 sha256:c85ad0bcaca895afa08053538ec1ea7642c7e9e05f5684d18e3627a2316ca8ae 0B / 12.11MB 0.1s
#3 sha256:229a2c5bfa27522db7815ea81f9bed70af17ccb9de9fc7ad142b1877b5830d36 10.37kB / 10.37kB done
#3 sha256:d657ab0ade19f404a6ccc883ab399540de667aff751748ce23c07330c5a89e64 1.75kB / 1.75kB done
#3 sha256:26c307b5e35a59ce911f5fde5b9458120ec8734e831ea2da5649a9ad14abfd3d 25.17MB / 29.78MB 0.3s
#3 sha256:5a31db4cd47898e862a567028aa41f7a11d814cf69be6904173402a8b8eac5cb 1.29MB / 1.29MB 0.1s done
#3 sha256:c85ad0bcaca895afa08053538ec1ea7642c7e9e05f5684d18e3627a2316ca8ae 12.11MB / 12.11MB 0.2s done
#3 sha256:b3c7a9bdb4f2a30d0a1358438d1539c06b86da99135cfd9d92756863cc87ae18 249B / 249B 0.1s done
#3 sha256:26c307b5e35a59ce911f5fde5b9458120ec8734e831ea2da5649a9ad14abfd3d 29.36MB / 29.78MB 0.4s
#3 extracting sha256:26c307b5e35a59ce911f5fde5b9458120ec8734e831ea2da5649a9ad14abfd3d
#3 sha256:26c307b5e35a59ce911f5fde5b9458120ec8734e831ea2da5649a9ad14abfd3d 29.78MB / 29.78MB 0.4s done
#3 extracting sha256:26c307b5e35a59ce911f5fde5b9458120ec8734e831ea2da5649a9ad14abfd3d 1.4s done
#3 extracting sha256:5a31db4cd47898e862a567028aa41f7a11d814cf69be6904173402a8b8eac5cb 0.1s
#3 extracting sha256:5a31db4cd47898e862a567028aa41f7a11d814cf69be6904173402a8b8eac5cb 0.1s done
#3 extracting sha256:c85ad0bcaca895afa08053538ec1ea7642c7e9e05f5684d18e3627a2316ca8ae 0.1s
#3 extracting sha256:c85ad0bcaca895afa08053538ec1ea7642c7e9e05f5684d18e3627a2316ca8ae 0.8s done
#3 extracting sha256:b3c7a9bdb4f2a30d0a1358438d1539c06b86da99135cfd9d92756863cc87ae18 done
#3 DONE 3.1s

#5 [2/4] WORKDIR /workspace
#5 DONE 0.1s

#6 [3/4] COPY requirements-dev.txt requirements.txt /tmp/requirements/
#6 DONE 0.0s

#7 [4/4] RUN pip install --no-cache-dir -r /tmp/requirements/requirements-dev.txt     && pip install --no-cache-dir Flask==3.1.3 Flask-WTF==1.3.0 Flask-Limiter==4.1.1 SQLAlchemy==2.0.54 'psycopg[binary]==3.3.5' gunicorn==26.2.0 Pillow==12.3.0     && python -m venv /opt/runtime     && /opt/runtime/bin/pip install --no-cache-dir --require-hashes -r /tmp/requirements/requirements.txt
#7 2.378 Ignoring pywin32: markers 'sys_platform == "win32"' don't match your environment
#7 2.426 Collecting aiodns==3.6.1 (from -r /tmp/requirements/requirements-dev.txt (line 3))
#7 2.446   Downloading aiodns-3.6.1-py3-none-any.whl.metadata (5.8 kB)
#7 2.462 Collecting aiohappyeyeballs==2.7.1 (from -r /tmp/requirements/requirements-dev.txt (line 5))
#7 2.466   Downloading aiohappyeyeballs-2.7.1-py3-none-any.whl.metadata (5.9 kB)
#7 3.017 Collecting aiohttp==3.14.3 (from -r /tmp/requirements/requirements-dev.txt (line 7))
#7 3.021   Downloading aiohttp-3.14.3-cp312-cp312-manylinux2014_x86_64.manylinux_2_17_x86_64.manylinux_2_28_x86_64.whl.metadata (8.3 kB)
#7 3.032 Collecting aiomultiprocess==0.9.1 (from -r /tmp/requirements/requirements-dev.txt (line 9))
#7 3.035   Downloading aiomultiprocess-0.9.1-py3-none-any.whl.metadata (4.8 kB)
#7 3.046 Collecting aiosignal==1.4.0 (from -r /tmp/requirements/requirements-dev.txt (line 11))
#7 3.050   Downloading aiosignal-1.4.0-py3-none-any.whl.metadata (3.7 kB)
#7 3.059 Collecting annotated-types==0.8.0 (from -r /tmp/requirements/requirements-dev.txt (line 13))
#7 3.063   Downloading annotated_types-0.8.0-py3-none-any.whl.metadata (15 kB)
#7 3.087 Collecting argcomplete==3.7.2 (from -r /tmp/requirements/requirements-dev.txt (line 15))
#7 3.091   Downloading argcomplete-3.7.2-py3-none-any.whl.metadata (16 kB)
#7 3.108 Collecting arrow==1.4.0 (from -r /tmp/requirements/requirements-dev.txt (line 17))
#7 3.112   Downloading arrow-1.4.0-py3-none-any.whl.metadata (7.7 kB)
#7 3.125 Collecting asteval==1.0.6 (from -r /tmp/requirements/requirements-dev.txt (line 19))
#7 3.129   Downloading asteval-1.0.6-py3-none-any.whl.metadata (6.2 kB)
#7 3.143 Collecting attrs==26.1.0 (from -r /tmp/requirements/requirements-dev.txt (line 21))
#7 3.147   Downloading attrs-26.1.0-py3-none-any.whl.metadata (8.8 kB)
#7 3.162 Collecting bandit==1.9.4 (from -r /tmp/requirements/requirements-dev.txt (line 26))
#7 3.165   Downloading bandit-1.9.4-py3-none-any.whl.metadata (7.1 kB)
#7 3.191 Collecting bc-detect-secrets==1.5.50 (from -r /tmp/requirements/requirements-dev.txt (line 28))
#7 3.195   Downloading bc_detect_secrets-1.5.50-py3-none-any.whl.metadata (23 kB)
#7 3.205 Collecting bc-jsonpath-ng==1.6.1 (from -r /tmp/requirements/requirements-dev.txt (line 30))
#7 3.209   Downloading bc_jsonpath_ng-1.6.1-py3-none-any.whl.metadata (17 kB)
#7 3.224 Collecting bc-python-hcl2==0.4.3 (from -r /tmp/requirements/requirements-dev.txt (line 32))
#7 3.228   Downloading bc_python_hcl2-0.4.3-py3-none-any.whl.metadata (4.2 kB)
#7 3.246 Collecting beartype==0.22.9 (from -r /tmp/requirements/requirements-dev.txt (line 34))
#7 3.249   Downloading beartype-0.22.9-py3-none-any.whl.metadata (37 kB)
#7 3.286 Collecting beautifulsoup4==4.15.0 (from -r /tmp/requirements/requirements-dev.txt (line 36))
#7 3.290   Downloading beautifulsoup4-4.15.0-py3-none-any.whl.metadata (3.8 kB)
#7 3.302 Collecting boolean-py==5.0 (from -r /tmp/requirements/requirements-dev.txt (line 38))
#7 3.306   Downloading boolean_py-5.0-py3-none-any.whl.metadata (2.3 kB)
#7 3.683 Collecting boto3==1.35.49 (from -r /tmp/requirements/requirements-dev.txt (line 40))
#7 3.686   Downloading boto3-1.35.49-py3-none-any.whl.metadata (6.7 kB)
#7 4.078 Collecting botocore==1.35.99 (from -r /tmp/requirements/requirements-dev.txt (line 44))
#7 4.082   Downloading botocore-1.35.99-py3-none-any.whl.metadata (5.7 kB)
#7 4.095 Collecting cachecontrol==0.14.4 (from -r /tmp/requirements/requirements-dev.txt (line 49))
#7 4.098   Downloading cachecontrol-0.14.4-py3-none-any.whl.metadata (3.1 kB)
#7 4.110 Collecting cached-property==2.0.1 (from -r /tmp/requirements/requirements-dev.txt (line 51))
#7 4.114   Downloading cached_property-2.0.1-py3-none-any.whl.metadata (10 kB)
#7 4.134 Collecting cachetools==5.5.2 (from -r /tmp/requirements/requirements-dev.txt (line 53))
#7 4.138   Downloading cachetools-5.5.2-py3-none-any.whl.metadata (5.4 kB)
#7 4.156 Collecting certifi==2026.7.22 (from -r /tmp/requirements/requirements-dev.txt (line 55))
#7 4.160   Downloading certifi-2026.7.22-py3-none-any.whl.metadata (2.5 kB)
#7 4.314 Collecting cffi==2.1.1 (from -r /tmp/requirements/requirements-dev.txt (line 57))
#7 4.317   Downloading cffi-2.1.1-cp312-cp312-manylinux2014_x86_64.manylinux_2_17_x86_64.whl.metadata (2.5 kB)
#7 4.348 Collecting chardet==5.2.0 (from -r /tmp/requirements/requirements-dev.txt (line 59))
#7 4.352   Downloading chardet-5.2.0-py3-none-any.whl.metadata (3.4 kB)
#7 4.469 Collecting charset-normalizer==3.5.1 (from -r /tmp/requirements/requirements-dev.txt (line 61))
#7 4.473   Downloading charset_normalizer-3.5.1-cp312-cp312-manylinux2014_x86_64.manylinux_2_17_x86_64.manylinux_2_28_x86_64.whl.metadata (45 kB)
#7 5.128 Collecting checkov==3.3.17 (from -r /tmp/requirements/requirements-dev.txt (line 65))
#7 5.132   Downloading checkov-3.3.17-py3-none-any.whl.metadata (26 kB)
#7 5.156 Collecting click==8.5.0 (from -r /tmp/requirements/requirements-dev.txt (line 67))
#7 5.159   Downloading click-8.5.0-py3-none-any.whl.metadata (2.6 kB)
#7 5.169 Collecting click-option-group==0.5.9 (from -r /tmp/requirements/requirements-dev.txt (line 74))
#7 5.172   Downloading click_option_group-0.5.9-py3-none-any.whl.metadata (5.8 kB)
#7 5.188 Collecting cloudsplaining==0.7.0 (from -r /tmp/requirements/requirements-dev.txt (line 76))
#7 5.191   Downloading cloudsplaining-0.7.0-py3-none-any.whl.metadata (21 kB)
#7 5.206 Collecting colorama==0.4.6 (from -r /tmp/requirements/requirements-dev.txt (line 78))
#7 5.209   Downloading colorama-0.4.6-py2.py3-none-any.whl.metadata (17 kB)
#7 5.221 Collecting configargparse==1.7.7 (from -r /tmp/requirements/requirements-dev.txt (line 84))
#7 5.225   Downloading configargparse-1.7.7-py3-none-any.whl.metadata (23 kB)
#7 5.237 Collecting contextlib2==21.6.0 (from -r /tmp/requirements/requirements-dev.txt (line 86))
#7 5.240   Downloading contextlib2-21.6.0-py2.py3-none-any.whl.metadata (4.1 kB)
#7 5.266 Collecting cyclonedx-bom==4.6.1 (from -r /tmp/requirements/requirements-dev.txt (line 88))
#7 5.271   Downloading cyclonedx_bom-4.6.1-py3-none-any.whl.metadata (8.7 kB)
#7 5.304 Collecting cyclonedx-python-lib==7.6.2 (from -r /tmp/requirements/requirements-dev.txt (line 90))
#7 5.308   Downloading cyclonedx_python_lib-7.6.2-py3-none-any.whl.metadata (6.7 kB)
#7 5.321 Collecting decorator==5.3.1 (from -r /tmp/requirements/requirements-dev.txt (line 95))
#7 5.325   Downloading decorator-5.3.1-py3-none-any.whl.metadata (3.9 kB)
#7 5.334 Collecting defusedxml==0.7.1 (from -r /tmp/requirements/requirements-dev.txt (line 97))
#7 5.337   Downloading defusedxml-0.7.1-py2.py3-none-any.whl.metadata (32 kB)
#7 5.358 Collecting docker==7.2.0 (from -r /tmp/requirements/requirements-dev.txt (line 99))
#7 5.361   Downloading docker-7.2.0-py3-none-any.whl.metadata (3.8 kB)
#7 5.372 Collecting dockerfile-parse==2.0.1 (from -r /tmp/requirements/requirements-dev.txt (line 101))
#7 5.376   Downloading dockerfile_parse-2.0.1-py2.py3-none-any.whl.metadata (3.3 kB)
#7 5.388 Collecting dpath==2.1.3 (from -r /tmp/requirements/requirements-dev.txt (line 103))
#7 5.391   Downloading dpath-2.1.3-py3-none-any.whl.metadata (15 kB)
#7 5.404 Collecting ecdsa==0.19.2 (from -r /tmp/requirements/requirements-dev.txt (line 105))
#7 5.407   Downloading ecdsa-0.19.2-py2.py3-none-any.whl.metadata (29 kB)
#7 5.434 Collecting filelock==3.32.7 (from -r /tmp/requirements/requirements-dev.txt (line 107))
#7 5.438   Downloading filelock-3.32.7-py3-none-any.whl.metadata (2.0 kB)
#7 5.447 Collecting fqdn==1.5.1 (from -r /tmp/requirements/requirements-dev.txt (line 109))
#7 5.450   Downloading fqdn-1.5.1-py3-none-any.whl.metadata (1.4 kB)
#7 5.516 Collecting frozenlist==1.8.0 (from -r /tmp/requirements/requirements-dev.txt (line 111))
#7 5.522   Downloading frozenlist-1.8.0-cp312-cp312-manylinux1_x86_64.manylinux_2_28_x86_64.manylinux_2_5_x86_64.whl.metadata (20 kB)
#7 5.533 Collecting gitdb==4.0.12 (from -r /tmp/requirements/requirements-dev.txt (line 115))
#7 5.537   Downloading gitdb-4.0.12-py3-none-any.whl.metadata (1.2 kB)
#7 5.560 Collecting gitpython==3.1.62 (from -r /tmp/requirements/requirements-dev.txt (line 117))
#7 5.565   Downloading gitpython-3.1.62-py3-none-any.whl.metadata (13 kB)
#7 5.581 Collecting idna==3.19 (from -r /tmp/requirements/requirements-dev.txt (line 119))
#7 5.585   Downloading idna-3.19-py3-none-any.whl.metadata (9.2 kB)
#7 5.615 Collecting importlib-metadata==7.2.1 (from -r /tmp/requirements/requirements-dev.txt (line 124))
#7 5.618   Downloading importlib_metadata-7.2.1-py3-none-any.whl.metadata (4.6 kB)
#7 5.629 Collecting iniconfig==2.3.0 (from -r /tmp/requirements/requirements-dev.txt (line 126))
#7 5.632   Downloading iniconfig-2.3.0-py3-none-any.whl.metadata (2.5 kB)
#7 5.640 Collecting isoduration==20.11.0 (from -r /tmp/requirements/requirements-dev.txt (line 128))
#7 5.643   Downloading isoduration-20.11.0-py3-none-any.whl.metadata (5.7 kB)
#7 5.660 Collecting jinja2==3.1.6 (from -r /tmp/requirements/requirements-dev.txt (line 130))
#7 5.663   Downloading jinja2-3.1.6-py3-none-any.whl.metadata (2.9 kB)
#7 5.674 Collecting jmespath==1.1.0 (from -r /tmp/requirements/requirements-dev.txt (line 132))
#7 5.677   Downloading jmespath-1.1.0-py3-none-any.whl.metadata (7.6 kB)
#7 5.688 Collecting jsonpointer==3.1.1 (from -r /tmp/requirements/requirements-dev.txt (line 137))
#7 5.691   Downloading jsonpointer-3.1.1-py3-none-any.whl.metadata (2.4 kB)
#7 5.715 Collecting jsonschema==4.26.0 (from -r /tmp/requirements/requirements-dev.txt (line 139))
#7 5.718   Downloading jsonschema-4.26.0-py3-none-any.whl.metadata (7.6 kB)
#7 5.733 Collecting jsonschema-specifications==2025.9.1 (from -r /tmp/requirements/requirements-dev.txt (line 143))
#7 5.736   Downloading jsonschema_specifications-2025.9.1-py3-none-any.whl.metadata (2.9 kB)
#7 5.744 Collecting junit-xml==1.9 (from -r /tmp/requirements/requirements-dev.txt (line 145))
#7 5.748   Downloading junit_xml-1.9-py2.py3-none-any.whl.metadata (3.2 kB)
#7 5.758 Collecting lark==1.3.1 (from -r /tmp/requirements/requirements-dev.txt (line 147))
#7 5.761   Downloading lark-1.3.1-py3-none-any.whl.metadata (1.8 kB)
#7 5.777 Collecting license-expression==30.4.4 (from -r /tmp/requirements/requirements-dev.txt (line 151))
#7 5.781   Downloading license_expression-30.4.4-py3-none-any.whl.metadata (11 kB)
#7 6.103 Collecting lxml==5.4.0 (from -r /tmp/requirements/requirements-dev.txt (line 156))
#7 6.106   Downloading lxml-5.4.0-cp312-cp312-manylinux_2_28_x86_64.whl.metadata (3.5 kB)
#7 6.124 Collecting markdown==3.10.3 (from -r /tmp/requirements/requirements-dev.txt (line 158))
#7 6.127   Downloading markdown-3.10.3-py3-none-any.whl.metadata (5.1 kB)
#7 6.142 Collecting markdown-it-py==4.2.0 (from -r /tmp/requirements/requirements-dev.txt (line 160))
#7 6.146   Downloading markdown_it_py-4.2.0-py3-none-any.whl.metadata (7.4 kB)
#7 6.200 Collecting markupsafe==3.0.3 (from -r /tmp/requirements/requirements-dev.txt (line 162))
#7 6.204   Downloading markupsafe-3.0.3-cp312-cp312-manylinux2014_x86_64.manylinux_2_17_x86_64.manylinux_2_28_x86_64.whl.metadata (2.7 kB)
#7 6.211 Collecting mdurl==0.1.2 (from -r /tmp/requirements/requirements-dev.txt (line 164))
#7 6.214   Downloading mdurl-0.1.2-py3-none-any.whl.metadata (1.6 kB)
#7 6.291 Collecting msgpack==1.2.2 (from -r /tmp/requirements/requirements-dev.txt (line 166))
#7 6.294   Downloading msgpack-1.2.2-cp312-cp312-manylinux2014_x86_64.manylinux_2_17_x86_64.manylinux_2_28_x86_64.whl.metadata (8.3 kB)
#7 6.545 Collecting multidict==6.8.0 (from -r /tmp/requirements/requirements-dev.txt (line 168))
#7 6.549   Downloading multidict-6.8.0-cp312-cp312-manylinux2014_x86_64.manylinux_2_17_x86_64.manylinux_2_28_x86_64.whl.metadata (5.3 kB)
#7 6.572 Collecting networkx==2.6.3 (from -r /tmp/requirements/requirements-dev.txt (line 172))
#7 6.575   Downloading networkx-2.6.3-py3-none-any.whl.metadata (5.0 kB)
#7 6.787 Collecting numpy==2.5.3 (from -r /tmp/requirements/requirements-dev.txt (line 174))
#7 6.790   Downloading numpy-2.5.3-cp312-cp312-manylinux_2_27_x86_64.manylinux_2_28_x86_64.whl.metadata (6.6 kB)
#7 7.119 Collecting orjson==3.12.0 (from -r /tmp/requirements/requirements-dev.txt (line 176))
#7 7.122   Downloading orjson-3.12.0-cp312-cp312-manylinux_2_17_x86_64.manylinux2014_x86_64.whl.metadata (41 kB)
#7 7.141 Collecting packageurl-python==0.13.4 (from -r /tmp/requirements/requirements-dev.txt (line 178))
#7 7.145   Downloading packageurl_python-0.13.4-py3-none-any.whl.metadata (5.1 kB)
#7 7.162 Collecting packaging==23.2 (from -r /tmp/requirements/requirements-dev.txt (line 183))
#7 7.165   Downloading packaging-23.2-py3-none-any.whl.metadata (3.2 kB)
#7 7.194 Collecting pip==26.2.1 (from -r /tmp/requirements/requirements-dev.txt (line 190))
#7 7.198   Downloading pip-26.2.1-py3-none-any.whl.metadata (4.6 kB)
#7 7.209 Collecting pip-api==0.0.35 (from -r /tmp/requirements/requirements-dev.txt (line 192))
#7 7.214   Downloading pip_api-0.0.35-py3-none-any.whl.metadata (17 kB)
#7 7.233 Collecting pip-audit==2.10.1 (from -r /tmp/requirements/requirements-dev.txt (line 194))
#7 7.236   Downloading pip_audit-2.10.1-py3-none-any.whl.metadata (28 kB)
#7 7.249 Collecting pip-requirements-parser==32.0.1 (from -r /tmp/requirements/requirements-dev.txt (line 196))
#7 7.252   Downloading pip_requirements_parser-32.0.1-py3-none-any.whl.metadata (9.3 kB)
#7 7.273 Collecting platformdirs==4.11.9 (from -r /tmp/requirements/requirements-dev.txt (line 200))
#7 7.278   Downloading platformdirs-4.11.9-py3-none-any.whl.metadata (5.5 kB)
#7 7.288 Collecting pluggy==1.6.0 (from -r /tmp/requirements/requirements-dev.txt (line 204))
#7 7.291   Downloading pluggy-1.6.0-py3-none-any.whl.metadata (4.8 kB)
#7 7.299 Collecting ply==3.11 (from -r /tmp/requirements/requirements-dev.txt (line 206))
#7 7.303   Downloading ply-3.11-py2.py3-none-any.whl.metadata (844 bytes)
#7 7.323 Collecting policy-sentry==0.13.2 (from -r /tmp/requirements/requirements-dev.txt (line 210))
#7 7.326   Downloading policy_sentry-0.13.2-py3-none-any.whl.metadata (1.3 kB)
#7 7.339 Collecting prettytable==3.18.0 (from -r /tmp/requirements/requirements-dev.txt (line 212))
#7 7.342   Downloading prettytable-3.18.0-py3-none-any.whl.metadata (37 kB)
#7 7.414 Collecting propcache==0.5.4 (from -r /tmp/requirements/requirements-dev.txt (line 214))
#7 7.418   Downloading propcache-0.5.4-cp312-cp312-manylinux2014_x86_64.manylinux_2_17_x86_64.manylinux_2_28_x86_64.whl.metadata (25 kB)
#7 7.437 Collecting py-serializable==1.1.2 (from -r /tmp/requirements/requirements-dev.txt (line 218))
#7 7.440   Downloading py_serializable-1.1.2-py3-none-any.whl.metadata (4.2 kB)
#7 7.507 Collecting pycares==4.11.0 (from -r /tmp/requirements/requirements-dev.txt (line 220))
#7 7.511   Downloading pycares-4.11.0-cp312-cp312-manylinux_2_28_x86_64.whl.metadata (4.5 kB)
#7 7.539 Collecting pycep-parser==0.5.1 (from -r /tmp/requirements/requirements-dev.txt (line 222))
#7 7.542   Downloading pycep_parser-0.5.1-py3-none-any.whl.metadata (2.6 kB)
#7 7.551 Collecting pycparser==3.0 (from -r /tmp/requirements/requirements-dev.txt (line 224))
#7 7.554   Downloading pycparser-3.0-py3-none-any.whl.metadata (8.2 kB)
#7 7.668 Collecting pydantic==2.13.5 (from -r /tmp/requirements/requirements-dev.txt (line 226))
#7 7.672   Downloading pydantic-2.13.5-py3-none-any.whl.metadata (110 kB)
#7 8.604 Collecting pydantic-core==2.46.5 (from -r /tmp/requirements/requirements-dev.txt (line 228))
#7 8.608   Downloading pydantic_core-2.46.5-cp312-cp312-manylinux_2_17_x86_64.manylinux2014_x86_64.whl.metadata (6.6 kB)
#7 8.633 Collecting pygments==2.21.0 (from -r /tmp/requirements/requirements-dev.txt (line 230))
#7 8.638   Downloading pygments-2.21.0-py3-none-any.whl.metadata (2.5 kB)
#7 8.680 Collecting pyparsing==3.3.2 (from -r /tmp/requirements/requirements-dev.txt (line 234))
#7 8.684   Downloading pyparsing-3.3.2-py3-none-any.whl.metadata (5.8 kB)
#7 8.742 Collecting pytest==9.1.1 (from -r /tmp/requirements/requirements-dev.txt (line 238))
#7 8.750   Downloading pytest-9.1.1-py3-none-any.whl.metadata (7.6 kB)
#7 8.772 Collecting python-dateutil==2.9.0.post0 (from -r /tmp/requirements/requirements-dev.txt (line 240))
#7 8.776   Downloading python_dateutil-2.9.0.post0-py2.py3-none-any.whl.metadata (8.4 kB)
#7 8.834 Collecting pyyaml==6.0.3 (from -r /tmp/requirements/requirements-dev.txt (line 246))
#7 8.838   Downloading pyyaml-6.0.3-cp312-cp312-manylinux2014_x86_64.manylinux_2_17_x86_64.manylinux_2_28_x86_64.whl.metadata (2.4 kB)
#7 8.856 Collecting rdflib==7.6.0 (from -r /tmp/requirements/requirements-dev.txt (line 254))
#7 8.861   Downloading rdflib-7.6.0-py3-none-any.whl.metadata (12 kB)
#7 8.899 Collecting referencing==0.37.0 (from -r /tmp/requirements/requirements-dev.txt (line 256))
#7 8.903   Downloading referencing-0.37.0-py3-none-any.whl.metadata (2.8 kB)
#7 9.453 Collecting regex==2026.9.10 (from -r /tmp/requirements/requirements-dev.txt (line 260))
#7 9.456   Downloading regex-2026.9.10-cp312-cp312-manylinux2014_x86_64.manylinux_2_17_x86_64.manylinux_2_28_x86_64.whl.metadata (40 kB)
#7 9.484 Collecting requests==2.34.2 (from -r /tmp/requirements/requirements-dev.txt (line 262))
#7 9.487   Downloading requests-2.34.2-py3-none-any.whl.metadata (4.8 kB)
#7 9.496 Collecting rfc3339-validator==0.1.4 (from -r /tmp/requirements/requirements-dev.txt (line 271))
#7 9.499   Downloading rfc3339_validator-0.1.4-py2.py3-none-any.whl.metadata (1.5 kB)
#7 9.507 Collecting rfc3987==1.3.8 (from -r /tmp/requirements/requirements-dev.txt (line 273))
#7 9.510   Downloading rfc3987-1.3.8-py2.py3-none-any.whl.metadata (7.5 kB)
#7 9.551 Collecting rich==15.0.0 (from -r /tmp/requirements/requirements-dev.txt (line 275))
#7 9.554   Downloading rich-15.0.0-py3-none-any.whl.metadata (18 kB)
#7 9.817 Collecting rpds-py==2026.6.3 (from -r /tmp/requirements/requirements-dev.txt (line 279))
#7 9.822   Downloading rpds_py-2026.6.3-cp312-cp312-manylinux_2_17_x86_64.manylinux2014_x86_64.whl.metadata (4.1 kB)
#7 9.855 Collecting rustworkx==0.18.1 (from -r /tmp/requirements/requirements-dev.txt (line 283))
#7 9.859   Downloading rustworkx-0.18.1-cp310-abi3-manylinux2014_x86_64.manylinux_2_17_x86_64.whl.metadata (10 kB)
#7 9.878 Collecting s3transfer==0.10.4 (from -r /tmp/requirements/requirements-dev.txt (line 285))
#7 9.881   Downloading s3transfer-0.10.4-py3-none-any.whl.metadata (1.7 kB)
#7 9.892 Collecting schema==0.7.5 (from -r /tmp/requirements/requirements-dev.txt (line 287))
#7 9.895   Downloading schema-0.7.5-py2.py3-none-any.whl.metadata (34 kB)
#7 9.909 Collecting semantic-version==2.10.0 (from -r /tmp/requirements/requirements-dev.txt (line 292))
#7 9.912   Downloading semantic_version-2.10.0-py2.py3-none-any.whl.metadata (9.7 kB)
#7 9.927 Collecting six==1.17.0 (from -r /tmp/requirements/requirements-dev.txt (line 294))
#7 9.930   Downloading six-1.17.0-py2.py3-none-any.whl.metadata (1.7 kB)
#7 9.939 Collecting smmap==5.0.3 (from -r /tmp/requirements/requirements-dev.txt (line 300))
#7 9.943   Downloading smmap-5.0.3-py3-none-any.whl.metadata (4.6 kB)
#7 9.955 Collecting sortedcontainers==2.4.0 (from -r /tmp/requirements/requirements-dev.txt (line 302))
#7 9.959   Downloading sortedcontainers-2.4.0-py2.py3-none-any.whl.metadata (10 kB)
#7 9.975 Collecting soupsieve==2.9.2 (from -r /tmp/requirements/requirements-dev.txt (line 304))
#7 9.979   Downloading soupsieve-2.9.2-py3-none-any.whl.metadata (4.6 kB)
#7 9.989 Collecting spdx-tools==0.8.5 (from -r /tmp/requirements/requirements-dev.txt (line 306))
#7 9.993   Downloading spdx_tools-0.8.5-py3-none-any.whl.metadata (15 kB)
#7 10.02 Collecting stevedore==5.9.1 (from -r /tmp/requirements/requirements-dev.txt (line 308))
#7 10.02   Downloading stevedore-5.9.1-py3-none-any.whl.metadata (2.3 kB)
#7 10.03 Collecting tabulate==0.9.0 (from -r /tmp/requirements/requirements-dev.txt (line 310))
#7 10.03   Downloading tabulate-0.9.0-py3-none-any.whl.metadata (34 kB)
#7 10.05 Collecting termcolor==2.3.0 (from -r /tmp/requirements/requirements-dev.txt (line 312))
#7 10.05   Downloading termcolor-2.3.0-py3-none-any.whl.metadata (5.3 kB)
#7 10.07 Collecting tomli==2.4.1 (from -r /tmp/requirements/requirements-dev.txt (line 314))
#7 10.08   Downloading tomli-2.4.1-cp312-cp312-manylinux2014_x86_64.manylinux_2_17_x86_64.manylinux_2_28_x86_64.whl.metadata (10 kB)
#7 10.09 Collecting tomli-w==1.2.0 (from -r /tmp/requirements/requirements-dev.txt (line 316))
#7 10.09   Downloading tomli_w-1.2.0-py3-none-any.whl.metadata (5.7 kB)
#7 10.12 Collecting tqdm==4.70.1 (from -r /tmp/requirements/requirements-dev.txt (line 318))
#7 10.13   Downloading tqdm-4.70.1-py3-none-any.whl.metadata (57 kB)
#7 10.15 Collecting typing-extensions==4.16.0 (from -r /tmp/requirements/requirements-dev.txt (line 320))
#7 10.15   Downloading typing_extensions-4.16.0-py3-none-any.whl.metadata (3.3 kB)
#7 10.16 Collecting typing-inspection==0.4.4 (from -r /tmp/requirements/requirements-dev.txt (line 331))
#7 10.17   Downloading typing_inspection-0.4.4-py3-none-any.whl.metadata (2.6 kB)
#7 10.18 Collecting tzdata==2026.4 (from -r /tmp/requirements/requirements-dev.txt (line 333))
#7 10.18   Downloading tzdata-2026.4-py2.py3-none-any.whl.metadata (1.4 kB)
#7 10.19 Collecting unidiff==1.0.1 (from -r /tmp/requirements/requirements-dev.txt (line 335))
#7 10.20   Downloading unidiff-1.0.1-py3-none-any.whl.metadata (8.2 kB)
#7 10.20 Collecting uri-template==1.3.0 (from -r /tmp/requirements/requirements-dev.txt (line 337))
#7 10.21   Downloading uri_template-1.3.0-py3-none-any.whl.metadata (8.8 kB)
#7 10.22 Collecting uritools==6.1.3 (from -r /tmp/requirements/requirements-dev.txt (line 339))
#7 10.23   Downloading uritools-6.1.3-py3-none-any.whl.metadata (5.1 kB)
#7 10.25 Collecting urllib3==2.8.0 (from -r /tmp/requirements/requirements-dev.txt (line 341))
#7 10.26   Downloading urllib3-2.8.0-py3-none-any.whl.metadata (7.4 kB)
#7 10.27 Collecting wcwidth==0.8.3 (from -r /tmp/requirements/requirements-dev.txt (line 347))
#7 10.28   Downloading wcwidth-0.8.3-py3-none-any.whl.metadata (43 kB)
#7 10.29 Collecting webcolors==25.10.0 (from -r /tmp/requirements/requirements-dev.txt (line 349))
#7 10.30   Downloading webcolors-25.10.0-py3-none-any.whl.metadata (2.2 kB)
#7 10.31 Collecting xmltodict==1.0.4 (from -r /tmp/requirements/requirements-dev.txt (line 351))
#7 10.31   Downloading xmltodict-1.0.4-py3-none-any.whl.metadata (14 kB)
#7 10.86 Collecting yarl==1.25.1 (from -r /tmp/requirements/requirements-dev.txt (line 353))
#7 10.86   Downloading yarl-1.25.1-cp312-cp312-manylinux2014_x86_64.manylinux_2_17_x86_64.manylinux_2_28_x86_64.whl.metadata (111 kB)
#7 10.91 Collecting zipp==4.1.0 (from -r /tmp/requirements/requirements-dev.txt (line 357))
#7 10.91   Downloading zipp-4.1.0-py3-none-any.whl.metadata (3.6 kB)
#7 12.44 Downloading aiodns-3.6.1-py3-none-any.whl (8.0 kB)
#7 12.45 Downloading aiohappyeyeballs-2.7.1-py3-none-any.whl (15 kB)
#7 12.45 Downloading aiohttp-3.14.3-cp312-cp312-manylinux2014_x86_64.manylinux_2_17_x86_64.manylinux_2_28_x86_64.whl (1.8 MB)
#7 12.47    ━━━━━━━━━━━━━━━━━━━━━━━━━━━━━━━━━━━━━━━━ 1.8/1.8 MB 236.9 MB/s eta 0:00:00
#7 12.47 Downloading aiomultiprocess-0.9.1-py3-none-any.whl (17 kB)
#7 12.48 Downloading aiosignal-1.4.0-py3-none-any.whl (7.5 kB)
#7 12.48 Downloading annotated_types-0.8.0-py3-none-any.whl (13 kB)
#7 12.48 Downloading argcomplete-3.7.2-py3-none-any.whl (43 kB)
#7 12.49 Downloading arrow-1.4.0-py3-none-any.whl (68 kB)
#7 12.49 Downloading asteval-1.0.6-py3-none-any.whl (22 kB)
#7 12.49 Downloading attrs-26.1.0-py3-none-any.whl (67 kB)
#7 12.50 Downloading bandit-1.9.4-py3-none-any.whl (134 kB)
#7 12.50 Downloading bc_detect_secrets-1.5.50-py3-none-any.whl (126 kB)
#7 12.50 Downloading bc_jsonpath_ng-1.6.1-py3-none-any.whl (29 kB)
#7 12.51 Downloading bc_python_hcl2-0.4.3-py3-none-any.whl (15 kB)
#7 12.51 Downloading beartype-0.22.9-py3-none-any.whl (1.3 MB)
#7 12.52    ━━━━━━━━━━━━━━━━━━━━━━━━━━━━━━━━━━━━━━━━ 1.3/1.3 MB 297.4 MB/s eta 0:00:00
#7 12.52 Downloading beautifulsoup4-4.15.0-py3-none-any.whl (109 kB)
#7 12.52 Downloading boolean_py-5.0-py3-none-any.whl (26 kB)
#7 12.53 Downloading boto3-1.35.49-py3-none-any.whl (139 kB)
#7 12.53 Downloading botocore-1.35.99-py3-none-any.whl (13.3 MB)
#7 12.57    ━━━━━━━━━━━━━━━━━━━━━━━━━━━━━━━━━━━━━━━━ 13.3/13.3 MB 380.2 MB/s eta 0:00:00
#7 12.57 Downloading cachecontrol-0.14.4-py3-none-any.whl (22 kB)
#7 12.58 Downloading cached_property-2.0.1-py3-none-any.whl (7.4 kB)
#7 12.58 Downloading cachetools-5.5.2-py3-none-any.whl (10 kB)
#7 12.58 Downloading certifi-2026.7.22-py3-none-any.whl (136 kB)
#7 12.59 Downloading cffi-2.1.1-cp312-cp312-manylinux2014_x86_64.manylinux_2_17_x86_64.whl (221 kB)
#7 12.59 Downloading chardet-5.2.0-py3-none-any.whl (199 kB)
#7 12.59 Downloading charset_normalizer-3.5.1-cp312-cp312-manylinux2014_x86_64.manylinux_2_17_x86_64.manylinux_2_28_x86_64.whl (248 kB)
#7 12.60 Downloading checkov-3.3.17-py3-none-any.whl (2.3 MB)
#7 12.61    ━━━━━━━━━━━━━━━━━━━━━━━━━━━━━━━━━━━━━━━━ 2.3/2.3 MB 443.8 MB/s eta 0:00:00
#7 12.61 Downloading click-8.5.0-py3-none-any.whl (125 kB)
#7 12.61 Downloading click_option_group-0.5.9-py3-none-any.whl (11 kB)
#7 12.62 Downloading cloudsplaining-0.7.0-py3-none-any.whl (1.8 MB)
#7 12.63    ━━━━━━━━━━━━━━━━━━━━━━━━━━━━━━━━━━━━━━━━ 1.8/1.8 MB 487.3 MB/s eta 0:00:00
#7 12.63 Downloading colorama-0.4.6-py2.py3-none-any.whl (25 kB)
#7 12.64 Downloading configargparse-1.7.7-py3-none-any.whl (34 kB)
#7 12.64 Downloading contextlib2-21.6.0-py2.py3-none-any.whl (13 kB)
#7 12.64 Downloading cyclonedx_bom-4.6.1-py3-none-any.whl (54 kB)
#7 12.65 Downloading cyclonedx_python_lib-7.6.2-py3-none-any.whl (361 kB)
#7 12.65 Downloading decorator-5.3.1-py3-none-any.whl (10 kB)
#7 12.66 Downloading defusedxml-0.7.1-py2.py3-none-any.whl (25 kB)
#7 12.66 Downloading docker-7.2.0-py3-none-any.whl (148 kB)
#7 12.66 Downloading dockerfile_parse-2.0.1-py2.py3-none-any.whl (14 kB)
#7 12.67 Downloading dpath-2.1.3-py3-none-any.whl (17 kB)
#7 12.67 Downloading ecdsa-0.19.2-py2.py3-none-any.whl (150 kB)
#7 12.68 Downloading filelock-3.32.7-py3-none-any.whl (100 kB)
#7 12.68 Downloading fqdn-1.5.1-py3-none-any.whl (9.1 kB)
#7 12.68 Downloading frozenlist-1.8.0-cp312-cp312-manylinux1_x86_64.manylinux_2_28_x86_64.manylinux_2_5_x86_64.whl (242 kB)
#7 12.69 Downloading gitdb-4.0.12-py3-none-any.whl (62 kB)
#7 12.69 Downloading gitpython-3.1.62-py3-none-any.whl (222 kB)
#7 12.70 Downloading idna-3.19-py3-none-any.whl (68 kB)
#7 12.70 Downloading importlib_metadata-7.2.1-py3-none-any.whl (25 kB)
#7 12.70 Downloading iniconfig-2.3.0-py3-none-any.whl (7.5 kB)
#7 12.71 Downloading isoduration-20.11.0-py3-none-any.whl (11 kB)
#7 12.71 Downloading jinja2-3.1.6-py3-none-any.whl (134 kB)
#7 12.71 Downloading jmespath-1.1.0-py3-none-any.whl (20 kB)
#7 12.72 Downloading jsonpointer-3.1.1-py3-none-any.whl (7.7 kB)
#7 12.72 Downloading jsonschema-4.26.0-py3-none-any.whl (90 kB)
#7 12.72 Downloading jsonschema_specifications-2025.9.1-py3-none-any.whl (18 kB)
#7 12.73 Downloading junit_xml-1.9-py2.py3-none-any.whl (7.1 kB)
#7 12.73 Downloading lark-1.3.1-py3-none-any.whl (113 kB)
#7 12.73 Downloading license_expression-30.4.4-py3-none-any.whl (120 kB)
#7 12.74 Downloading lxml-5.4.0-cp312-cp312-manylinux_2_28_x86_64.whl (5.0 MB)
#7 12.76    ━━━━━━━━━━━━━━━━━━━━━━━━━━━━━━━━━━━━━━━━ 5.0/5.0 MB 281.2 MB/s eta 0:00:00
#7 12.77 Downloading markdown-3.10.3-py3-none-any.whl (110 kB)
#7 12.77 Downloading markdown_it_py-4.2.0-py3-none-any.whl (91 kB)
#7 12.77 Downloading markupsafe-3.0.3-cp312-cp312-manylinux2014_x86_64.manylinux_2_17_x86_64.manylinux_2_28_x86_64.whl (22 kB)
#7 12.78 Downloading mdurl-0.1.2-py3-none-any.whl (10.0 kB)
#7 12.78 Downloading msgpack-1.2.2-cp312-cp312-manylinux2014_x86_64.manylinux_2_17_x86_64.manylinux_2_28_x86_64.whl (420 kB)
#7 12.78 Downloading multidict-6.8.0-cp312-cp312-manylinux2014_x86_64.manylinux_2_17_x86_64.manylinux_2_28_x86_64.whl (287 kB)
#7 12.79 Downloading networkx-2.6.3-py3-none-any.whl (1.9 MB)
#7 12.79    ━━━━━━━━━━━━━━━━━━━━━━━━━━━━━━━━━━━━━━━━ 1.9/1.9 MB 433.5 MB/s eta 0:00:00
#7 12.80 Downloading numpy-2.5.3-cp312-cp312-manylinux_2_27_x86_64.manylinux_2_28_x86_64.whl (16.7 MB)
#7 12.84    ━━━━━━━━━━━━━━━━━━━━━━━━━━━━━━━━━━━━━━━━ 16.7/16.7 MB 417.8 MB/s eta 0:00:00
#7 12.85 Downloading orjson-3.12.0-cp312-cp312-manylinux_2_17_x86_64.manylinux2014_x86_64.whl (131 kB)
#7 12.85 Downloading packageurl_python-0.13.4-py3-none-any.whl (26 kB)
#7 12.85 Downloading packaging-23.2-py3-none-any.whl (53 kB)
#7 12.86 Downloading pip-26.2.1-py3-none-any.whl (1.8 MB)
#7 12.87    ━━━━━━━━━━━━━━━━━━━━━━━━━━━━━━━━━━━━━━━━ 1.8/1.8 MB 360.0 MB/s eta 0:00:00
#7 12.87 Downloading pip_api-0.0.35-py3-none-any.whl (123 kB)
#7 12.88 Downloading pip_audit-2.10.1-py3-none-any.whl (62 kB)
#7 12.88 Downloading pip_requirements_parser-32.0.1-py3-none-any.whl (35 kB)
#7 12.89 Downloading platformdirs-4.11.9-py3-none-any.whl (24 kB)
#7 12.89 Downloading pluggy-1.6.0-py3-none-any.whl (20 kB)
#7 12.90 Downloading ply-3.11-py2.py3-none-any.whl (49 kB)
#7 12.90 Downloading policy_sentry-0.13.2-py3-none-any.whl (966 kB)
#7 12.92    ━━━━━━━━━━━━━━━━━━━━━━━━━━━━━━━━━━━━━━━━ 966.6/966.6 kB 52.3 MB/s eta 0:00:00
#7 12.92 Downloading prettytable-3.18.0-py3-none-any.whl (37 kB)
#7 12.93 Downloading propcache-0.5.4-cp312-cp312-manylinux2014_x86_64.manylinux_2_17_x86_64.manylinux_2_28_x86_64.whl (250 kB)
#7 12.93 Downloading py_serializable-1.1.2-py3-none-any.whl (22 kB)
#7 12.94 Downloading pycares-4.11.0-cp312-cp312-manylinux_2_28_x86_64.whl (641 kB)
#7 12.94    ━━━━━━━━━━━━━━━━━━━━━━━━━━━━━━━━━━━━━━━ 641.1/641.1 kB 318.8 MB/s eta 0:00:00
#7 12.95 Downloading pycep_parser-0.5.1-py3-none-any.whl (23 kB)
#7 12.95 Downloading pycparser-3.0-py3-none-any.whl (48 kB)
#7 12.95 Downloading pydantic-2.13.5-py3-none-any.whl (472 kB)
#7 12.96 Downloading pydantic_core-2.46.5-cp312-cp312-manylinux_2_17_x86_64.manylinux2014_x86_64.whl (2.1 MB)
#7 12.96    ━━━━━━━━━━━━━━━━━━━━━━━━━━━━━━━━━━━━━━━━ 2.1/2.1 MB 494.7 MB/s eta 0:00:00
#7 12.97 Downloading pygments-2.21.0-py3-none-any.whl (1.3 MB)
#7 12.97    ━━━━━━━━━━━━━━━━━━━━━━━━━━━━━━━━━━━━━━━━ 1.3/1.3 MB 503.3 MB/s eta 0:00:00
#7 12.98 Downloading pyparsing-3.3.2-py3-none-any.whl (122 kB)
#7 12.98 Downloading pytest-9.1.1-py3-none-any.whl (386 kB)
#7 12.99 Downloading python_dateutil-2.9.0.post0-py2.py3-none-any.whl (229 kB)
#7 12.99 Downloading pyyaml-6.0.3-cp312-cp312-manylinux2014_x86_64.manylinux_2_17_x86_64.manylinux_2_28_x86_64.whl (807 kB)
#7 12.99    ━━━━━━━━━━━━━━━━━━━━━━━━━━━━━━━━━━━━━━━ 807.9/807.9 kB 574.7 MB/s eta 0:00:00
#7 13.00 Downloading rdflib-7.6.0-py3-none-any.whl (615 kB)
#7 13.00    ━━━━━━━━━━━━━━━━━━━━━━━━━━━━━━━━━━━━━━━ 615.4/615.4 kB 718.0 MB/s eta 0:00:00
#7 13.01 Downloading referencing-0.37.0-py3-none-any.whl (26 kB)
#7 13.01 Downloading regex-2026.9.10-cp312-cp312-manylinux2014_x86_64.manylinux_2_17_x86_64.manylinux_2_28_x86_64.whl (804 kB)
#7 13.02    ━━━━━━━━━━━━━━━━━━━━━━━━━━━━━━━━━━━━━━━ 804.6/804.6 kB 550.4 MB/s eta 0:00:00
#7 13.02 Downloading requests-2.34.2-py3-none-any.whl (73 kB)
#7 13.02 Downloading rfc3339_validator-0.1.4-py2.py3-none-any.whl (3.5 kB)
#7 13.03 Downloading rfc3987-1.3.8-py2.py3-none-any.whl (13 kB)
#7 13.03 Downloading rich-15.0.0-py3-none-any.whl (310 kB)
#7 13.03 Downloading rpds_py-2026.6.3-cp312-cp312-manylinux_2_17_x86_64.manylinux2014_x86_64.whl (366 kB)
#7 13.04 Downloading rustworkx-0.18.1-cp310-abi3-manylinux2014_x86_64.manylinux_2_17_x86_64.whl (2.4 MB)
#7 13.05    ━━━━━━━━━━━━━━━━━━━━━━━━━━━━━━━━━━━━━━━━ 2.4/2.4 MB 232.4 MB/s eta 0:00:00
#7 13.06 Downloading s3transfer-0.10.4-py3-none-any.whl (83 kB)
#7 13.06 Downloading schema-0.7.5-py2.py3-none-any.whl (17 kB)
#7 13.06 Downloading semantic_version-2.10.0-py2.py3-none-any.whl (15 kB)
#7 13.07 Downloading six-1.17.0-py2.py3-none-any.whl (11 kB)
#7 13.07 Downloading smmap-5.0.3-py3-none-any.whl (24 kB)
#7 13.07 Downloading sortedcontainers-2.4.0-py2.py3-none-any.whl (29 kB)
#7 13.08 Downloading soupsieve-2.9.2-py3-none-any.whl (37 kB)
#7 13.08 Downloading spdx_tools-0.8.5-py3-none-any.whl (286 kB)
#7 13.09 Downloading stevedore-5.9.1-py3-none-any.whl (54 kB)
#7 13.09 Downloading tabulate-0.9.0-py3-none-any.whl (35 kB)
#7 13.09 Downloading termcolor-2.3.0-py3-none-any.whl (6.9 kB)
#7 13.10 Downloading tomli-2.4.1-cp312-cp312-manylinux2014_x86_64.manylinux_2_17_x86_64.manylinux_2_28_x86_64.whl (253 kB)
#7 13.10 Downloading tomli_w-1.2.0-py3-none-any.whl (6.7 kB)
#7 13.11 Downloading tqdm-4.70.1-py3-none-any.whl (80 kB)
#7 13.11 Downloading typing_extensions-4.16.0-py3-none-any.whl (45 kB)
#7 13.11 Downloading typing_inspection-0.4.4-py3-none-any.whl (14 kB)
#7 13.12 Downloading tzdata-2026.4-py2.py3-none-any.whl (347 kB)
#7 13.12 Downloading unidiff-1.0.1-py3-none-any.whl (18 kB)
#7 13.12 Downloading uri_template-1.3.0-py3-none-any.whl (11 kB)
#7 13.13 Downloading uritools-6.1.3-py3-none-any.whl (11 kB)
#7 13.13 Downloading urllib3-2.8.0-py3-none-any.whl (135 kB)
#7 13.13 Downloading wcwidth-0.8.3-py3-none-any.whl (331 kB)
#7 13.14 Downloading webcolors-25.10.0-py3-none-any.whl (14 kB)
#7 13.14 Downloading xmltodict-1.0.4-py3-none-any.whl (13 kB)
#7 13.15 Downloading yarl-1.25.1-cp312-cp312-manylinux2014_x86_64.manylinux_2_17_x86_64.manylinux_2_28_x86_64.whl (117 kB)
#7 13.15 Downloading zipp-4.1.0-py3-none-any.whl (10 kB)
#7 13.92 Installing collected packages: sortedcontainers, rfc3987, ply, boolean-py, zipp, xmltodict, webcolors, wcwidth, urllib3, uritools, uri-template, unidiff, tzdata, typing-extensions, tqdm, tomli-w, tomli, termcolor, tabulate, stevedore, soupsieve, smmap, six, semantic-version, rpds-py, regex, pyyaml, pyparsing, pygments, pycparser, propcache, pluggy, platformdirs, pip, packaging, packageurl-python, orjson, numpy, networkx, multidict, msgpack, mdurl, markupsafe, markdown, lxml, license-expression, lark, jsonpointer, jmespath, iniconfig, idna, frozenlist, fqdn, filelock, dpath, dockerfile-parse, defusedxml, decorator, contextlib2, configargparse, colorama, click, charset-normalizer, chardet, certifi, cachetools, cached-property, beartype, attrs, asteval, argcomplete, annotated-types, aiomultiprocess, aiohappyeyeballs, yarl, typing-inspection, schema, rustworkx, rfc3339-validator, requests, referencing, rdflib, python-dateutil, pytest, pydantic-core, pycep-parser, py-serializable, prettytable, pip-requirements-parser, pip-api, markdown-it-py, junit-xml, jinja2, importlib-metadata, gitdb, ecdsa, click-option-group, cffi, beautifulsoup4, bc-python-hcl2, bc-jsonpath-ng, aiosignal, spdx-tools, rich, pydantic, pycares, policy-sentry, jsonschema-specifications, gitpython, docker, cyclonedx-python-lib, cachecontrol, botocore, bc-detect-secrets, arrow, aiohttp, s3transfer, jsonschema, isoduration, bandit, aiodns, pip-audit, boto3, cloudsplaining, cyclonedx-bom, checkov
#7 16.28   Attempting uninstall: pip
#7 16.29     Found existing installation: pip 25.0.1
#7 16.33     Uninstalling pip-25.0.1:
#7 17.00       Successfully uninstalled pip-25.0.1
#7 31.69 Successfully installed aiodns-3.6.1 aiohappyeyeballs-2.7.1 aiohttp-3.14.3 aiomultiprocess-0.9.1 aiosignal-1.4.0 annotated-types-0.8.0 argcomplete-3.7.2 arrow-1.4.0 asteval-1.0.6 attrs-26.1.0 bandit-1.9.4 bc-detect-secrets-1.5.50 bc-jsonpath-ng-1.6.1 bc-python-hcl2-0.4.3 beartype-0.22.9 beautifulsoup4-4.15.0 boolean-py-5.0 boto3-1.35.49 botocore-1.35.99 cachecontrol-0.14.4 cached-property-2.0.1 cachetools-5.5.2 certifi-2026.7.22 cffi-2.1.1 chardet-5.2.0 charset-normalizer-3.5.1 checkov-3.3.17 click-8.5.0 click-option-group-0.5.9 cloudsplaining-0.7.0 colorama-0.4.6 configargparse-1.7.7 contextlib2-21.6.0 cyclonedx-bom-4.6.1 cyclonedx-python-lib-7.6.2 decorator-5.3.1 defusedxml-0.7.1 docker-7.2.0 dockerfile-parse-2.0.1 dpath-2.1.3 ecdsa-0.19.2 filelock-3.32.7 fqdn-1.5.1 frozenlist-1.8.0 gitdb-4.0.12 gitpython-3.1.62 idna-3.19 importlib-metadata-7.2.1 iniconfig-2.3.0 isoduration-20.11.0 jinja2-3.1.6 jmespath-1.1.0 jsonpointer-3.1.1 jsonschema-4.26.0 jsonschema-specifications-2025.9.1 junit-xml-1.9 lark-1.3.1 license-expression-30.4.4 lxml-5.4.0 markdown-3.10.3 markdown-it-py-4.2.0 markupsafe-3.0.3 mdurl-0.1.2 msgpack-1.2.2 multidict-6.8.0 networkx-2.6.3 numpy-2.5.3 orjson-3.12.0 packageurl-python-0.13.4 packaging-23.2 pip-26.2.1 pip-api-0.0.35 pip-audit-2.10.1 pip-requirements-parser-32.0.1 platformdirs-4.11.9 pluggy-1.6.0 ply-3.11 policy-sentry-0.13.2 prettytable-3.18.0 propcache-0.5.4 py-serializable-1.1.2 pycares-4.11.0 pycep-parser-0.5.1 pycparser-3.0 pydantic-2.13.5 pydantic-core-2.46.5 pygments-2.21.0 pyparsing-3.3.2 pytest-9.1.1 python-dateutil-2.9.0.post0 pyyaml-6.0.3 rdflib-7.6.0 referencing-0.37.0 regex-2026.9.10 requests-2.34.2 rfc3339-validator-0.1.4 rfc3987-1.3.8 rich-15.0.0 rpds-py-2026.6.3 rustworkx-0.18.1 s3transfer-0.10.4 schema-0.7.5 semantic-version-2.10.0 six-1.17.0 smmap-5.0.3 sortedcontainers-2.4.0 soupsieve-2.9.2 spdx-tools-0.8.5 stevedore-5.9.1 tabulate-0.9.0 termcolor-2.3.0 tomli-2.4.1 tomli-w-1.2.0 tqdm-4.70.1 typing-extensions-4.16.0 typing-inspection-0.4.4 tzdata-2026.4 unidiff-1.0.1 uri-template-1.3.0 uritools-6.1.3 urllib3-2.8.0 wcwidth-0.8.3 webcolors-25.10.0 xmltodict-1.0.4 yarl-1.25.1 zipp-4.1.0
#7 31.69 WARNING: Running pip as the 'root' user can result in broken permissions and conflicting behaviour with the system package manager, possibly rendering your system unusable. It is recommended to use a virtual environment instead: https://pip.pypa.io/warnings/venv. Use the --root-user-action option if you know what you are doing and want to suppress this warning.
#7 33.63 Collecting Flask==3.1.3
#7 33.66   Downloading flask-3.1.3-py3-none-any.whl.metadata (3.2 kB)
#7 33.67 Collecting Flask-WTF==1.3.0
#7 33.68   Downloading flask_wtf-1.3.0-py3-none-any.whl.metadata (3.4 kB)
#7 33.70 Collecting Flask-Limiter==4.1.1
#7 33.70   Downloading flask_limiter-4.1.1-py3-none-any.whl.metadata (6.3 kB)
#7 34.05 Collecting SQLAlchemy==2.0.54
#7 34.05   Downloading sqlalchemy-2.0.54-cp312-cp312-manylinux2014_x86_64.manylinux_2_17_x86_64.manylinux_2_28_x86_64.whl.metadata (9.7 kB)
#7 34.07 Collecting psycopg==3.3.5 (from psycopg[binary]==3.3.5)
#7 34.08   Downloading psycopg-3.3.5-py3-none-any.whl.metadata (4.3 kB)
#7 34.10 Collecting gunicorn==26.2.0
#7 34.10   Downloading gunicorn-26.2.0-py3-none-any.whl.metadata (5.5 kB)
#7 34.35 Collecting Pillow==12.3.0
#7 34.36   Downloading pillow-12.3.0-cp312-cp312-manylinux_2_27_x86_64.manylinux_2_28_x86_64.whl.metadata (9.1 kB)
#7 34.38 Collecting blinker>=1.9.0 (from Flask==3.1.3)
#7 34.39   Downloading blinker-1.9.0-py3-none-any.whl.metadata (1.6 kB)
#7 34.39 Requirement already satisfied: click>=8.1.3 in /usr/local/lib/python3.12/site-packages (from Flask==3.1.3) (8.5.0)
#7 34.40 Collecting itsdangerous>=2.2.0 (from Flask==3.1.3)
#7 34.41   Downloading itsdangerous-2.2.0-py3-none-any.whl.metadata (1.9 kB)
#7 34.42 Requirement already satisfied: jinja2>=3.1.2 in /usr/local/lib/python3.12/site-packages (from Flask==3.1.3) (3.1.6)
#7 34.42 Requirement already satisfied: markupsafe>=2.1.1 in /usr/local/lib/python3.12/site-packages (from Flask==3.1.3) (3.0.3)
#7 34.46 Collecting werkzeug>=3.1.0 (from Flask==3.1.3)
#7 34.47   Downloading werkzeug-3.1.9-py3-none-any.whl.metadata (4.1 kB)
#7 34.48 Collecting wtforms (from Flask-WTF==1.3.0)
#7 34.49   Downloading wtforms-3.2.2-py3-none-any.whl.metadata (4.9 kB)
#7 34.57 Collecting limits>=3.13 (from Flask-Limiter==4.1.1)
#7 34.58   Downloading limits-5.8.0-py3-none-any.whl.metadata (10 kB)
#7 34.65 Collecting ordered-set<5,>4 (from Flask-Limiter==4.1.1)
#7 34.66   Downloading ordered_set-4.1.0-py3-none-any.whl.metadata (5.3 kB)
#7 34.67 Requirement already satisfied: typing-extensions>=4.3 in /usr/local/lib/python3.12/site-packages (from Flask-Limiter==4.1.1) (4.16.0)
#7 35.09 Collecting greenlet>=1 (from SQLAlchemy==2.0.54)
#7 35.10   Downloading greenlet-3.5.6-cp312-cp312-manylinux_2_24_x86_64.manylinux_2_28_x86_64.whl.metadata (3.8 kB)
#7 35.44 Collecting psycopg-binary==3.3.5 (from psycopg[binary]==3.3.5)
#7 35.45   Downloading psycopg_binary-3.3.5-cp312-cp312-manylinux2014_x86_64.manylinux_2_17_x86_64.whl.metadata (2.7 kB)
#7 35.48 Collecting deprecated>=1.2 (from limits>=3.13->Flask-Limiter==4.1.1)
#7 35.49   Downloading deprecated-3.0.0-py3-none-any.whl.metadata (6.5 kB)
#7 35.50 Requirement already satisfied: packaging>=21 in /usr/local/lib/python3.12/site-packages (from limits>=3.13->Flask-Limiter==4.1.1) (23.2)
#7 35.93 Collecting wrapt<3,>=1.16 (from deprecated>=1.2->limits>=3.13->Flask-Limiter==4.1.1)
#7 35.93   Downloading wrapt-2.5.0-cp312-cp312-manylinux1_x86_64.manylinux_2_28_x86_64.manylinux_2_5_x86_64.whl.metadata (7.6 kB)
#7 35.94 Downloading flask-3.1.3-py3-none-any.whl (103 kB)
#7 35.95 Downloading flask_wtf-1.3.0-py3-none-any.whl (13 kB)
#7 35.95 Downloading flask_limiter-4.1.1-py3-none-any.whl (30 kB)
#7 35.96 Downloading sqlalchemy-2.0.54-cp312-cp312-manylinux2014_x86_64.manylinux_2_17_x86_64.manylinux_2_28_x86_64.whl (3.5 MB)
#7 35.98    ━━━━━━━━━━━━━━━━━━━━━━━━━━━━━━━━━━━━━━━━ 3.5/3.5 MB 268.7 MB/s  0:00:00
#7 35.98 Downloading psycopg-3.3.5-py3-none-any.whl (213 kB)
#7 35.99 Downloading gunicorn-26.2.0-py3-none-any.whl (228 kB)
#7 35.99 Downloading pillow-12.3.0-cp312-cp312-manylinux_2_27_x86_64.manylinux_2_28_x86_64.whl (6.9 MB)
#7 36.01    ━━━━━━━━━━━━━━━━━━━━━━━━━━━━━━━━━━━━━━━━ 6.9/6.9 MB 523.6 MB/s  0:00:00
#7 36.01 Downloading psycopg_binary-3.3.5-cp312-cp312-manylinux2014_x86_64.manylinux_2_17_x86_64.whl (5.2 MB)
#7 36.03    ━━━━━━━━━━━━━━━━━━━━━━━━━━━━━━━━━━━━━━━━ 5.2/5.2 MB 451.0 MB/s  0:00:00
#7 36.03 Downloading ordered_set-4.1.0-py3-none-any.whl (7.6 kB)
#7 36.04 Downloading blinker-1.9.0-py3-none-any.whl (8.5 kB)
#7 36.04 Downloading greenlet-3.5.6-cp312-cp312-manylinux_2_24_x86_64.manylinux_2_28_x86_64.whl (621 kB)
#7 36.05    ━━━━━━━━━━━━━━━━━━━━━━━━━━━━━━━━━━━━━━━━ 621.4/621.4 kB 587.4 MB/s  0:00:00
#7 36.05 Downloading itsdangerous-2.2.0-py3-none-any.whl (16 kB)
#7 36.05 Downloading limits-5.8.0-py3-none-any.whl (60 kB)
#7 36.06 Downloading deprecated-3.0.0-py3-none-any.whl (21 kB)
#7 36.06 Downloading wrapt-2.5.0-cp312-cp312-manylinux1_x86_64.manylinux_2_28_x86_64.manylinux_2_5_x86_64.whl (250 kB)
#7 36.07 Downloading werkzeug-3.1.9-py3-none-any.whl (228 kB)
#7 36.07 Downloading wtforms-3.2.2-py3-none-any.whl (158 kB)
#7 36.46 Installing collected packages: wtforms, wrapt, werkzeug, psycopg-binary, psycopg, Pillow, ordered-set, itsdangerous, gunicorn, greenlet, blinker, SQLAlchemy, Flask, deprecated, limits, Flask-WTF, Flask-Limiter
#7 39.74 
#7 39.77 WARNING: Running pip as the 'root' user can result in broken permissions and conflicting behaviour with the system package manager, possibly rendering your system unusable. It is recommended to use a virtual environment instead: https://pip.pypa.io/warnings/venv. Use the --root-user-action option if you know what you are doing and want to suppress this warning.
#7 39.77 Successfully installed Flask-3.1.3 Flask-Limiter-4.1.1 Flask-WTF-1.3.0 Pillow-12.3.0 SQLAlchemy-2.0.54 blinker-1.9.0 deprecated-3.0.0 greenlet-3.5.6 gunicorn-26.2.0 itsdangerous-2.2.0 limits-5.8.0 ordered-set-4.1.0 psycopg-3.3.5 psycopg-binary-3.3.5 werkzeug-3.1.9 wrapt-2.5.0 wtforms-3.2.2
#7 43.64 Collecting blinker==1.9.0 (from -r /tmp/requirements/requirements.txt (line 3))
#7 43.66   Downloading blinker-1.9.0-py3-none-any.whl (8.5 kB)
#7 44.05 Collecting boto3==1.43.95 (from -r /tmp/requirements/requirements.txt (line 7))
#7 44.06   Downloading boto3-1.43.95-py3-none-any.whl (140 kB)
#7 44.48 Collecting botocore==1.43.95 (from -r /tmp/requirements/requirements.txt (line 11))
#7 44.49   Downloading botocore-1.43.95-py3-none-any.whl (15.8 MB)
#7 44.55      ━━━━━━━━━━━━━━━━━━━━━━━━━━━━━━━━━━━━━━━ 15.8/15.8 MB 253.9 MB/s eta 0:00:00
#7 44.63 Collecting click==8.5.0 (from -r /tmp/requirements/requirements.txt (line 17))
#7 44.64   Downloading click-8.5.0-py3-none-any.whl (125 kB)
#7 44.65 Collecting deprecated==1.3.1 (from -r /tmp/requirements/requirements.txt (line 21))
#7 44.66   Downloading deprecated-1.3.1-py2.py3-none-any.whl (11 kB)
#7 44.67 Collecting flask==3.1.3 (from -r /tmp/requirements/requirements.txt (line 25))
#7 44.68   Downloading flask-3.1.3-py3-none-any.whl (103 kB)
#7 44.70 Collecting flask-limiter==4.1.1 (from -r /tmp/requirements/requirements.txt (line 32))
#7 44.70   Downloading flask_limiter-4.1.1-py3-none-any.whl (30 kB)
#7 44.72 Collecting flask-wtf==1.3.0 (from -r /tmp/requirements/requirements.txt (line 36))
#7 44.72   Downloading flask_wtf-1.3.0-py3-none-any.whl (13 kB)
#7 44.88 Collecting greenlet==3.5.6 (from -r /tmp/requirements/requirements.txt (line 40))
#7 44.89   Downloading greenlet-3.5.6-cp312-cp312-manylinux_2_24_x86_64.manylinux_2_28_x86_64.whl (621 kB)
#7 44.89      ━━━━━━━━━━━━━━━━━━━━━━━━━━━━━━━━━━━━━ 621.4/621.4 kB 707.9 MB/s eta 0:00:00
#7 44.91 Collecting gunicorn==26.2.0 (from -r /tmp/requirements/requirements.txt (line 121))
#7 44.91   Downloading gunicorn-26.2.0-py3-none-any.whl (228 kB)
#7 44.93 Collecting itsdangerous==2.2.0 (from -r /tmp/requirements/requirements.txt (line 125))
#7 44.93   Downloading itsdangerous-2.2.0-py3-none-any.whl (16 kB)
#7 44.95 Collecting jinja2==3.1.6 (from -r /tmp/requirements/requirements.txt (line 131))
#7 44.95   Downloading jinja2-3.1.6-py3-none-any.whl (134 kB)
#7 44.96 Collecting jmespath==1.1.0 (from -r /tmp/requirements/requirements.txt (line 135))
#7 44.97   Downloading jmespath-1.1.0-py3-none-any.whl (20 kB)
#7 44.99 Collecting limits==5.8.0 (from -r /tmp/requirements/requirements.txt (line 141))
#7 44.99   Downloading limits-5.8.0-py3-none-any.whl (60 kB)
#7 45.04 Collecting markupsafe==3.0.3 (from -r /tmp/requirements/requirements.txt (line 145))
#7 45.05   Downloading markupsafe-3.0.3-cp312-cp312-manylinux2014_x86_64.manylinux_2_17_x86_64.manylinux_2_28_x86_64.whl (22 kB)
#7 45.06 Collecting ordered-set==4.1.0 (from -r /tmp/requirements/requirements.txt (line 240))
#7 45.06   Downloading ordered_set-4.1.0-py3-none-any.whl (7.6 kB)
#7 45.07 Collecting packaging==26.3 (from -r /tmp/requirements/requirements.txt (line 244))
#7 45.08   Downloading packaging-26.3-py3-none-any.whl (129 kB)
#7 45.25 Collecting pillow==12.3.0 (from -r /tmp/requirements/requirements.txt (line 248))
#7 45.26   Downloading pillow-12.3.0-cp312-cp312-manylinux_2_27_x86_64.manylinux_2_28_x86_64.whl (6.9 MB)
#7 45.27      ━━━━━━━━━━━━━━━━━━━━━━━━━━━━━━━━━━━━━━━━ 6.9/6.9 MB 445.6 MB/s eta 0:00:00
#7 45.31 Collecting psycopg==3.3.5 (from -r /tmp/requirements/requirements.txt (line 337))
#7 45.32   Downloading psycopg-3.3.5-py3-none-any.whl (213 kB)
#7 45.48 Collecting psycopg-binary==3.3.5 (from -r /tmp/requirements/requirements.txt (line 341))
#7 45.49   Downloading psycopg_binary-3.3.5-cp312-cp312-manylinux2014_x86_64.manylinux_2_17_x86_64.whl (5.2 MB)
#7 45.53      ━━━━━━━━━━━━━━━━━━━━━━━━━━━━━━━━━━━━━━━━ 5.2/5.2 MB 148.2 MB/s eta 0:00:00
#7 45.56 Collecting python-dateutil==2.9.0.post0 (from -r /tmp/requirements/requirements.txt (line 398))
#7 45.56   Downloading python_dateutil-2.9.0.post0-py2.py3-none-any.whl (229 kB)
#7 45.58 Collecting s3transfer==0.19.2 (from -r /tmp/requirements/requirements.txt (line 402))
#7 45.58   Downloading s3transfer-0.19.2-py3-none-any.whl (90 kB)
#7 45.59 Collecting six==1.17.0 (from -r /tmp/requirements/requirements.txt (line 406))
#7 45.60   Downloading six-1.17.0-py2.py3-none-any.whl (11 kB)
#7 45.94 Collecting sqlalchemy==2.0.54 (from -r /tmp/requirements/requirements.txt (line 410))
#7 45.94   Downloading sqlalchemy-2.0.54-cp312-cp312-manylinux2014_x86_64.manylinux_2_17_x86_64.manylinux_2_28_x86_64.whl (3.5 MB)
#7 45.96      ━━━━━━━━━━━━━━━━━━━━━━━━━━━━━━━━━━━━━━━━ 3.5/3.5 MB 247.9 MB/s eta 0:00:00
#7 46.00 Collecting typing-extensions==4.16.0 (from -r /tmp/requirements/requirements.txt (line 470))
#7 46.00   Downloading typing_extensions-4.16.0-py3-none-any.whl (45 kB)
#7 46.02 Collecting tzdata==2026.4 (from -r /tmp/requirements/requirements.txt (line 478))
#7 46.02   Downloading tzdata-2026.4-py2.py3-none-any.whl (347 kB)
#7 46.05 Collecting urllib3==2.8.0 (from -r /tmp/requirements/requirements.txt (line 482))
#7 46.05   Downloading urllib3-2.8.0-py3-none-any.whl (135 kB)
#7 46.08 Collecting werkzeug==3.1.8 (from -r /tmp/requirements/requirements.txt (line 486))
#7 46.08   Downloading werkzeug-3.1.8-py3-none-any.whl (226 kB)
#7 46.44 Collecting wrapt==2.4.1 (from -r /tmp/requirements/requirements.txt (line 490))
#7 46.44   Downloading wrapt-2.4.1-cp312-cp312-manylinux1_x86_64.manylinux_2_28_x86_64.manylinux_2_5_x86_64.whl (236 kB)
#7 46.45 Collecting wtforms==3.2.2 (from -r /tmp/requirements/requirements.txt (line 593))
#7 46.46   Downloading wtforms-3.2.2-py3-none-any.whl (158 kB)
#7 47.00 Installing collected packages: wrapt, urllib3, tzdata, typing-extensions, six, psycopg-binary, pillow, packaging, ordered-set, markupsafe, jmespath, itsdangerous, gunicorn, greenlet, click, blinker, wtforms, werkzeug, sqlalchemy, python-dateutil, psycopg, jinja2, deprecated, limits, flask, botocore, s3transfer, flask-wtf, flask-limiter, boto3
#7 51.70 Successfully installed blinker-1.9.0 boto3-1.43.95 botocore-1.43.95 click-8.5.0 deprecated-1.3.1 flask-3.1.3 flask-limiter-4.1.1 flask-wtf-1.3.0 greenlet-3.5.6 gunicorn-26.2.0 itsdangerous-2.2.0 jinja2-3.1.6 jmespath-1.1.0 limits-5.8.0 markupsafe-3.0.3 ordered-set-4.1.0 packaging-26.3 pillow-12.3.0 psycopg-3.3.5 psycopg-binary-3.3.5 python-dateutil-2.9.0.post0 s3transfer-0.19.2 six-1.17.0 sqlalchemy-2.0.54 typing-extensions-4.16.0 tzdata-2026.4 urllib3-2.8.0 werkzeug-3.1.8 wrapt-2.4.1 wtforms-3.2.2
#7 51.77 
#7 51.77 [notice] A new release of pip is available: 25.0.1 -> 26.2.1
#7 51.77 [notice] To update, run: python -m pip install --upgrade pip
#7 DONE 52.2s

#8 exporting to image
#8 exporting layers
#8 exporting layers 20.1s done
#8 writing image sha256:64d6699a7bc9d09b863f1f21926d262c7a3d73ca7a5f50eae06b5bf1913831d6 done
#8 naming to docker.io/library/mercado-nube-qa-tools:final 0.0s done
#8 DONE 20.1s
